{
  "artist_raw": "auburnsummer",
  "authors_raw": "auburnsummer, Xeno",
  "icon": "<binary>",
  "image": "<binary>",
  "is_animated": false,
  "last_updated": "2022-06-27T23:25:28.000000",
  "rd_md5": "b369f467ed89cac134f3909556f17378",
  "rdlevel_sha1": "077671a2053d503850d2df220c10f7b901ae0963",
  "sha1": "460807d4b87deb9d94ab31369985ba96b5c95291",
  "song_raw": "Triplet Test",
  "thumb": "<binary>"
}
