{
  "artist_raw": "placeboing",
  "authors_raw": "April's Only Fool",
  "icon": "<binary>",
  "image": "<binary>",
  "is_animated": false,
  "last_updated": "2022-04-09T16:40:34.000000",
  "rd_md5": "709f935e98ce2fbe77235ec0c0b98999",
  "rdlevel_sha1": "cb674be3db4efc34f5cd77ba5138a7bf2fa7ee12",
  "sha1": "862f1ad3d2f6ae0580055700d79b8ae30c8771b2",
  "song_raw": "BANAS",
  "thumb": "<binary>"
}
