{
  "artist_raw": "Pseuu",
  "authors_raw": "Pseuu",
  "icon": "<binary>",
  "image": "<binary>",
  "is_animated": false,
  "last_updated": "2022-01-03T23:19:26.000000",
  "rd_md5": "fe0f657a2a11da7036ca8a88aa0e8c43",
  "rdlevel_sha1": "34e9ce56866b66dec453d148f8c5d4c2bb7c7199",
  "sha1": "250da27a5bff4285dcbf22f13c9c287f7eaf30d7",
  "song_raw": "ennui.ogg",
  "thumb": "<binary>"
}
