{
  "artist_raw": "toonlink, Kenichi Nishikami, Takeru Kanazaki",
  "authors_raw": "Szprycha",
  "icon": "<binary>",
  "image": "<binary>",
  "is_animated": false,
  "last_updated": "2020-06-20T23:09:28.000000",
  "rd_md5": "0e519c999fb30008c50f81a7fce8daf6",
  "rdlevel_sha1": "0d2a9edca604c3f965347ef4b840bb43d94d3a76",
  "sha1": "5bb2d7298237d15b44fbb0a9ca963c00ecb58866",
  "song_raw": "Jimmy's Aesthetics",
  "thumb": "<binary>"
}
