{
  "artist_raw": "Andrew Huang",
  "authors_raw": "lugi",
  "icon": "<binary>",
  "image": "<binary>",
  "is_animated": false,
  "last_updated": "2020-06-24T15:06:48.000000",
  "rd_md5": "3393d10acf81b2949ada3d6df35ddc1f",
  "rdlevel_sha1": "f67aa02893fdb5ccfad0e445486bd6595801ecdc",
  "sha1": "f2ad0f76bbfedf96bec3451eb9ead014accb3047",
  "song_raw": "Know You",
  "thumb": "<binary>"
}
