{
  "artist": "Quree",
  "artist_tokens": [
    "Quree"
  ],
  "authors": [
    "BluPen"
  ],
  "description": "Patient experiencing sudden heart strain again. Solve the patient's concerns.",
  "difficulty": 2,
  "has_classics": true,
  "has_freetimes": false,
  "has_freezeshots": false,
  "has_holds": false,
  "has_oneshots": true,
  "has_skipshots": false,
  "has_squareshots": false,
  "has_window_dance": true,
  "hue": 0.1,
  "icon": "<binary>",
  "image": "<binary>",
  "is_animated": false,
  "last_updated": "2022-08-19T21:53:02.000000",
  "max_bpm": 173,
  "min_bpm": 100,
  "rdlevel_sha1": "f057987ce0007754050d661648112b78b2b6a535",
  "seizure_warning": false,
  "sha1": "a75d03f274c9032a6f75fa32ac57005615c04b47",
  "single_player": true,
  "song": "One Forgotten Night",
  "tags": [
    "quree",
    "window dance"
  ],
  "thumb": "<binary>",
  "two_player": true
}
