{
  "artist": "Hot Freaks",
  "artist_tokens": [
    "Hot Freaks"
  ],
  "authors": [
    "Labyrinth"
  ],
  "description": "It's not something easy to admit.",
  "difficulty": 1,
  "has_classics": true,
  "has_freetimes": true,
  "has_freezeshots": false,
  "has_holds": false,
  "has_oneshots": false,
  "has_skipshots": false,
  "has_squareshots": false,
  "has_window_dance": false,
  "hue": 0.88,
  "icon": "<binary>",
  "image": "<binary>",
  "is_animated": false,
  "last_updated": "2022-06-16T00:08:26.000000",
  "max_bpm": 89,
  "min_bpm": 88,
  "rdlevel_sha1": "188fc218f13dec8c67e0de931bd5a073e5d239bf",
  "seizure_warning": false,
  "sha1": "bdbd0b30d6ea29f8a6d2e8602b8829508dcbfc02",
  "single_player": true,
  "song": "Pull",
  "tags": [
    "1p",
    "2p",
    "gimmick"
  ],
  "thumb": "<binary>",
  "two_player": true
}
