{
  "artist_raw": "Hot Freaks",
  "authors_raw": "Labyrinth",
  "icon": "<binary>",
  "image": "<binary>",
  "is_animated": false,
  "last_updated": "2022-06-16T00:08:26.000000",
  "rd_md5": "101d47dead569dee9f05aaeca2554be8",
  "rdlevel_sha1": "188fc218f13dec8c67e0de931bd5a073e5d239bf",
  "sha1": "bdbd0b30d6ea29f8a6d2e8602b8829508dcbfc02",
  "song_raw": "Pull",
  "thumb": "<binary>"
}
