{
  "artist_raw": "Green wisteria",
  "authors_raw": "Delta, Xeno",
  "icon": "<binary>",
  "image": "<binary>",
  "is_animated": false,
  "last_updated": "2022-09-23T09:27:28.000000",
  "rd_md5": "bfef9fdc122a94d840538941cb5ae33e",
  "rdlevel_sha1": "17a41d4c9b575d3202b8832a9d21c3b873d959e5",
  "sha1": "88f48cdbd6a63773fcf44a38f5ed1ece00f399be",
  "song_raw": "RGB",
  "thumb": "<binary>"
}
