{
  "artist_raw": "Samario (Making A Mistake)",
  "authors_raw": "Samario (Making A Mistake)",
  "icon": "<binary>",
  "image": "<binary>",
  "is_animated": false,
  "last_updated": "2022-06-27T21:27:12.000000",
  "rd_md5": "3d95ee68253ed7acb8eae17cb3cbb5db",
  "rdlevel_sha1": "c467e396d29bd65f4a9c8e9abad64b05a4e39600",
  "sha1": "495bd9d1b759db53e600b3986df55bdf3a9c3653",
  "song_raw": "One Uncued Tresillo",
  "thumb": "<binary>"
}
