{
  "artist": "Masssive New Krew",
  "artist_tokens": [
    "Masssive New Krew"
  ],
  "authors": [
    "Lyco"
  ],
  "description": "A new patient seems to have come in- Nevermind forget i said that he is an emergency case get here quick!",
  "difficulty": 3,
  "has_classics": true,
  "has_freetimes": false,
  "has_freezeshots": false,
  "has_holds": false,
  "has_oneshots": true,
  "has_skipshots": false,
  "has_squareshots": true,
  "has_window_dance": false,
  "hue": 0.92,
  "icon": null,
  "image": "<binary>",
  "is_animated": false,
  "last_updated": "2021-08-21T12:15:10.000000",
  "max_bpm": 150,
  "min_bpm": 150,
  "rdlevel_sha1": "e028099e06643a6ec8ff2e3385f6e9189d134dcf",
  "seizure_warning": false,
  "sha1": "f909b918e876d72fe8c3d385ba03940f85b3b906",
  "single_player": true,
  "song": "Sol e Mar",
  "tags": [],
  "thumb": "<binary>",
  "two_player": false
}
