{
  "artist_raw": "Masssive New Krew",
  "authors_raw": "Lyco",
  "icon": null,
  "image": "<binary>",
  "is_animated": false,
  "last_updated": "2021-08-21T12:15:10.000000",
  "rd_md5": "c562a28c82cdc00121fad1f2b3b7ba9a",
  "rdlevel_sha1": "e028099e06643a6ec8ff2e3385f6e9189d134dcf",
  "sha1": "f909b918e876d72fe8c3d385ba03940f85b3b906",
  "song_raw": "Sol e Mar",
  "thumb": "<binary>"
}
