{
  "artist_raw": "JustMe",
  "authors_raw": "Xeno",
  "icon": "<binary>",
  "image": "<binary>",
  "is_animated": false,
  "last_updated": "2020-12-01T18:30:20.000000",
  "rd_md5": "9e57084e95a046b932a95e272011005a",
  "rdlevel_sha1": "cdbcaadea1a271696931e9badab00fc24c9acd51",
  "sha1": "933bbbbd9c1d79a8c3d2946e5748548a414488ea",
  "song_raw": "Swing",
  "thumb": "<binary>"
}
