# serializer version: 1
# name: test_snapshot[Samario_Making_A_Mistake_-_One_Uncued_Tresillo2.rdzip]
  VitalsLevel(artist='Samario (Making A Mistake)', artist_tokens=['Samario'], song='One Uncued Tresillo', seizure_warning=False, description='One Uncued Tresillo\n(song edited from [...]Machinegun Psystyle[...], by Camellia)', hue=0.0, authors=['Samario (Making A Mistake)'], authors_raw='Samario (Making A Mistake)', max_bpm=70.0, min_bpm=40.0, difficulty=0, single_player=True, two_player=True, last_updated=datetime.datetime(2022, 6, 27, 21, 27, 12), tags=['uncued tresillo', 'samario please stop doing this'], has_classics=False, has_oneshots=False, has_squareshots=False, has_freezeshots=False, has_freetimes=True, has_holds=False, has_skipshots=False, has_window_dance=False, sha1='495bd9d1b759db53e600b3986df55bdf3a9c3653', rdlevel_sha1='c467e396d29bd65f4a9c8e9abad64b05a4e39600', is_animated=False, image='96898f86831954f3ab2b102028a6ff6af282f6c9', thumb='9252ee4106a46932541fb677cdc8195ec511fa7b', icon='3ce5397b40ff7c63b294a5517144773961c1b7ec')
# ---
# name: test_snapshot[auburnsummer_-_Triplet_Testaaaaa1.rdzip]
  VitalsLevel(artist='auburnsummer', artist_tokens=['auburnsummer'], song='Triplet Test', seizure_warning=False, description='A two-handed level. The eloquent blend between thirds and halves.', hue=0.66, authors=['auburnsummer', 'Xeno'], authors_raw='auburnsummer, Xeno', max_bpm=110.0, min_bpm=110.0, difficulty=2, single_player=True, two_player=False, last_updated=datetime.datetime(2022, 6, 27, 23, 25, 28), tags=['Piano', '2p', 'Two-handed'], has_classics=True, has_oneshots=True, has_squareshots=True, has_freezeshots=False, has_freetimes=False, has_holds=False, has_skipshots=False, has_window_dance=False, sha1='460807d4b87deb9d94ab31369985ba96b5c95291', rdlevel_sha1='077671a2053d503850d2df220c10f7b901ae0963', is_animated=False, image='7ab14161818970106367ece4ad4c6d352a949ab6', thumb='33346c7075c0999edc06c0215e6663862892f7ba', icon='fff61bf5ce1530fb7bb02518065e4473d01a1fd1')
# ---
# name: test_snapshot[banas-QbMoyaG2nfK.rdzip]
  VitalsLevel(artist='placeboing', artist_tokens=['placeboing'], song='BANAS', seizure_warning=False, description='This level works under the assumption that you know how 8beat, 6beat, and Temporal Shift works.\n\nHope you all have a wonderful April Fools Day!\n\nHollaback Girl by Gwen Stefani x Donkey Kong Country 2 OST\n\nBanana CC by Pyre\nBanana Tile by Het', hue=0.17, authors=["April's Only Fool"], authors_raw="April's Only Fool", max_bpm=147.0, min_bpm=143.5, difficulty=1, single_player=True, two_player=False, last_updated=datetime.datetime(2022, 4, 9, 16, 40, 34), tags=['April Fools', 'banana', 'banas', 'temporal shift', '8beat', '6beat'], has_classics=True, has_oneshots=True, has_squareshots=False, has_freezeshots=False, has_freetimes=True, has_holds=False, has_skipshots=True, has_window_dance=False, sha1='862f1ad3d2f6ae0580055700d79b8ae30c8771b2', rdlevel_sha1='cb674be3db4efc34f5cd77ba5138a7bf2fa7ee12', is_animated=False, image='a99c22887f9f170f6feef2284749d0ae79520c5c', thumb='7c54c09dba5cd12e5679897b966084046e08f2f9', icon='caa16546d32e2e80b2db0818e57528d1115b677f')
# ---
# name: test_snapshot[ennui-og-3VFE7LSmzSo.rdzip]
  VitalsLevel(artist='Pseuu', artist_tokens=['Pseuu'], song='ennui.ogg', seizure_warning=False, description='uh... no comment. level made in about 3-4 working hours\n\n- tricky oneshot patterns\n- skipshots\n- holds', hue=0.42, authors=['Pseuu'], authors_raw='Pseuu', max_bpm=126.0, min_bpm=126.0, difficulty=2, single_player=True, two_player=True, last_updated=datetime.datetime(2022, 1, 3, 23, 19, 26), tags=['chiptune', 'short', '2p', 'oneshots', 'skipshots', 'holds'], has_classics=False, has_oneshots=True, has_squareshots=False, has_freezeshots=False, has_freetimes=True, has_holds=True, has_skipshots=True, has_window_dance=True, sha1='250da27a5bff4285dcbf22f13c9c287f7eaf30d7', rdlevel_sha1='34e9ce56866b66dec453d148f8c5d4c2bb7c7199', is_animated=False, image='f1a8e97aa2bf633b58b2cbb332d45cdc81060b1f', thumb='dff39e045d4ce54be953b10bba0238ae08d03871', icon='9cc71a984e73f85c24ca8c16a70530f30851fdca')
# ---
# name: test_snapshot[jimmy-s-Ccby1RK3XJK.rdzip]
  VitalsLevel(artist='toonlink, Kenichi Nishikami, Takeru Kanazaki', artist_tokens=['toonlink', 'Kenichi Nishikami', 'Takeru Kanazaki'], song="Jimmy's Aesthetics", seizure_warning=False, description='A neat song from WarioWare DIY', hue=0.19, authors=['Szprycha'], authors_raw='Szprycha', max_bpm=125.0, min_bpm=125.0, difficulty=1, single_player=True, two_player=False, last_updated=datetime.datetime(2020, 6, 20, 23, 9, 28), tags=['siivagunner', 'nintendo', 'warioware', 'body rock'], has_classics=True, has_oneshots=True, has_squareshots=False, has_freezeshots=False, has_freetimes=False, has_holds=False, has_skipshots=False, has_window_dance=False, sha1='5bb2d7298237d15b44fbb0a9ca963c00ecb58866', rdlevel_sha1='0d2a9edca604c3f965347ef4b840bb43d94d3a76', is_animated=False, image='6b47ab0046ac30d987a82b2d9debb3478d70c696', thumb='70c1630fd9f148a3c5d4fa26e741ece87d928b22', icon='42fea0c4a11cdf265da96f91eca808ff0c59b878')
# ---
# name: test_snapshot[know-you-2zRJRCjPqJx.rdzip]
  VitalsLevel(artist='Andrew Huang', artist_tokens=['Andrew Huang'], song='Know You', seizure_warning=False, description='Two lonely stars, wandering in the dark...', hue=0.47, authors=['lugi'], authors_raw='lugi', max_bpm=78.5, min_bpm=78.5, difficulty=1, single_player=True, two_player=True, last_updated=datetime.datetime(2020, 6, 24, 15, 6, 48), tags=['slow', 'pop'], has_classics=True, has_oneshots=True, has_squareshots=False, has_freezeshots=False, has_freetimes=True, has_holds=False, has_skipshots=False, has_window_dance=False, sha1='f2ad0f76bbfedf96bec3451eb9ead014accb3047', rdlevel_sha1='f67aa02893fdb5ccfad0e445486bd6595801ecdc', is_animated=False, image='a74fcbd3033b7736d483bfb077897c49e369b889', thumb='dcaf5b41805a80b996c0121d335ebdb70a7450a8', icon='d01dbe3bfb5c3036dfe6ebcc9b29b497765c9749')
# ---
# name: test_snapshot[one-forg-NqVywpSrZs1.rdzip]
  VitalsLevel(artist='Quree', artist_tokens=['Quree'], song='One Forgotten Night', seizure_warning=False, description="Patient experiencing sudden heart strain again. Solve the patient's concerns.", hue=0.1, authors=['BluPen'], authors_raw='BluPen', max_bpm=173.0, min_bpm=100.0, difficulty=2, single_player=True, two_player=True, last_updated=datetime.datetime(2022, 8, 19, 21, 53, 2), tags=['quree', 'window dance'], has_classics=True, has_oneshots=True, has_squareshots=False, has_freezeshots=False, has_freetimes=False, has_holds=False, has_skipshots=False, has_window_dance=True, sha1='a75d03f274c9032a6f75fa32ac57005615c04b47', rdlevel_sha1='f057987ce0007754050d661648112b78b2b6a535', is_animated=False, image='6cb7f5a64535d38051b0e2a7da103f92216aa21e', thumb='23c35badedcd4a479b126623b8bbc40775826c09', icon='96c50b06b9862d0baf8e5cd5cbcb6325d6b06a21')
# ---
# name: test_snapshot[one-uncu-eqSkB1ZX7Xz.rdzip]
  VitalsLevel(artist='Samario (Making A Mistake)', artist_tokens=['Samario (Making A Mistake)'], song='One Uncued Tresillo', seizure_warning=False, description='One Uncued Tresillo\n(song edited from [...]Machinegun Psystyle[...], by Camellia)', hue=0.0, authors=['Samario (Making A Mistake)'], authors_raw='Samario (Making A Mistake)', max_bpm=160.0, min_bpm=160.0, difficulty=0, single_player=True, two_player=True, last_updated=datetime.datetime(2021, 1, 2, 3, 52, 10), tags=['uncued tresillo', 'samario please stop doing this'], has_classics=False, has_oneshots=False, has_squareshots=False, has_freezeshots=False, has_freetimes=True, has_holds=False, has_skipshots=False, has_window_dance=False, sha1='1bf690214be382e78daa98a5c7e73b79a59cf610', rdlevel_sha1='1d74eea124e8c1b0735a9dd79c655589a0b72ed5', is_animated=False, image='96898f86831954f3ab2b102028a6ff6af282f6c9', thumb='9252ee4106a46932541fb677cdc8195ec511fa7b', icon='3ce5397b40ff7c63b294a5517144773961c1b7ec')
# ---
# name: test_snapshot[pull-EpgEYcGYPnU.rdzip]
  VitalsLevel(artist='Hot Freaks', artist_tokens=['Hot Freaks'], song='Pull', seizure_warning=False, description="It's not something easy to admit.", hue=0.88, authors=['Labyrinth'], authors_raw='Labyrinth', max_bpm=89.0, min_bpm=88.0, difficulty=1, single_player=True, two_player=True, last_updated=datetime.datetime(2022, 6, 16, 0, 8, 26), tags=['1p', '2p', 'gimmick'], has_classics=True, has_oneshots=False, has_squareshots=False, has_freezeshots=False, has_freetimes=True, has_holds=False, has_skipshots=False, has_window_dance=False, sha1='bdbd0b30d6ea29f8a6d2e8602b8829508dcbfc02', rdlevel_sha1='188fc218f13dec8c67e0de931bd5a073e5d239bf', is_animated=False, image='58ca35fe70eb5b5020be8932a8bce7f67c3f0e9e', thumb='3ab70e85a2103f97481bc5bbcae06c2df0699d26', icon='1bab29b7e4da9a580ae2b02d4bb09895f270c414')
# ---
# name: test_snapshot[rgb-7krFijAGF4D.rdzip]
  VitalsLevel(artist='Green wisteria', artist_tokens=['Green wisteria'], song='RGB', seizure_warning=True, description='(CW: Body Horror)\nA white lily bloomed, a black maw devoured.', hue=0.66, authors=['Delta', 'Xeno'], authors_raw='Delta, Xeno', max_bpm=204.0, min_bpm=100.0, difficulty=2, single_player=True, two_player=False, last_updated=datetime.datetime(2022, 9, 23, 9, 27, 28), tags=['compo19', 'competition 19', 'weird', 'red green blue', 'namine ritsu'], has_classics=True, has_oneshots=True, has_squareshots=False, has_freezeshots=False, has_freetimes=True, has_holds=False, has_skipshots=False, has_window_dance=False, sha1='88f48cdbd6a63773fcf44a38f5ed1ece00f399be', rdlevel_sha1='17a41d4c9b575d3202b8832a9d21c3b873d959e5', is_animated=False, image='ddf66bed33142541fe350d4ee7f16b153748eb08', thumb='efe5ef2d6f797f90f7db0d365904def0a99b1cf3', icon='d08c524f9ce3bece75f53bb8a40280d6f2e3da40')
# ---
# name: test_snapshot[sol-e-ma-dVMtiNt856v.rdzip]
  VitalsLevel(artist='Masssive New Krew', artist_tokens=['Masssive New Krew'], song='Sol e Mar', seizure_warning=False, description='A new patient seems to have come in- Nevermind forget i said that he is an emergency case get here quick!', hue=0.92, authors=['Lyco'], authors_raw='Lyco', max_bpm=150.0, min_bpm=150.0, difficulty=3, single_player=True, two_player=False, last_updated=datetime.datetime(2021, 8, 21, 12, 15, 10), tags=[], has_classics=True, has_oneshots=True, has_squareshots=True, has_freezeshots=False, has_freetimes=False, has_holds=False, has_skipshots=False, has_window_dance=False, sha1='f909b918e876d72fe8c3d385ba03940f85b3b906', rdlevel_sha1='e028099e06643a6ec8ff2e3385f6e9189d134dcf', is_animated=False, image='b007ded2dc60845b9069022be4fad26c088abdfa', thumb='50525c3dc700a4551313f39acf03a706b76cb31e', icon='da39a3ee5e6b4b0d3255bfef95601890afd80709')
# ---
# name: test_snapshot[swing-c2QGYcw8GLq.rdzip]
  VitalsLevel(artist='JustMe', artist_tokens=['JustMe'], song='Swing', seizure_warning=False, description="Printin' twang.", hue=0.08, authors=['Xeno'], authors_raw='Xeno', max_bpm=130.0, min_bpm=130.0, difficulty=1, single_player=True, two_player=True, last_updated=datetime.datetime(2020, 12, 1, 18, 30, 20), tags=['Printing', 'CMYK', 'Swing', 'Bounce', 'syncopation', 'gimmick', '1p', '2p', 'XenOnly'], has_classics=True, has_oneshots=True, has_squareshots=False, has_freezeshots=False, has_freetimes=True, has_holds=False, has_skipshots=False, has_window_dance=False, sha1='933bbbbd9c1d79a8c3d2946e5748548a414488ea', rdlevel_sha1='cdbcaadea1a271696931e9badab00fc24c9acd51', is_animated=False, image='6e5e03d1a2ef0ec5ef93b7b5835e8cf9d8dca317', thumb='022940383dcc95c955b4a11effbf5212e3cd2776', icon='94f9e7e0b87d7dfa8492a28ac40a97ee65390582')
# ---
# name: test_snapshot[yi-xiao-Hg3afme47nr.rdzip]
  VitalsLevel(artist='遊助', artist_tokens=['遊助'], song='一笑懸命', seizure_warning=True, description="这次的这个谱我真的花了很长时间，大概有......差不多50个小时吧。歌词因为是CC，只能全用平假名了，看起来麻烦也抱歉了...希望这次能取得比上次更好的结果吧。来来回回也看了很多次，感觉想不到有什么能加的了，就这样交了吧。也希望你也能像歌词一样开开心心的，活着本身没有意义，但就是为了知道是为了什么我们才会活着呀。(I don't know how to translate)", hue=0.17, authors=['来因洛特'], authors_raw='来因洛特', max_bpm=138.0, min_bpm=138.0, difficulty=0, single_player=True, two_player=False, last_updated=datetime.datetime(2022, 8, 27, 11, 35, 12), tags=['easy', 'CNcompo 1', 'relaxing', 'lyrics'], has_classics=True, has_oneshots=False, has_squareshots=False, has_freezeshots=False, has_freetimes=True, has_holds=False, has_skipshots=False, has_window_dance=False, sha1='82dfb357c88904400fbf7eebc2ff2d1820ad9f8f', rdlevel_sha1='1ea9de1156f77d09fb4746c5224d5cc7f82dc0dc', is_animated=False, image='111316cfa917f1b74c0501f871239ed2bf69ef9e', thumb='3f111dc86a13d190bd85d651c6c84096b358f0ba', icon='79608ba56630d97a2b81a9869a167f051e641a58')
# ---
